INFO    : Since no target was supplied, we will use "web".

INFO    : Building target web
INFO    : XSL conversion of /workspaces/M2forall/source/main.ptx by /home/codespace/.ptx/2.17.0/core/xsl/utilities/pretext-enhanced-source.xsl
INFO    : messages from the log for XSL processing:
WARNING : * PTX:WARNING:   the requested HTML index page cannot be constructed since "g4msto" is not an @xml:id anywhere in the document.  Defaults will be used instead
INFO    : successful application of /home/codespace/.ptx/2.17.0/core/xsl/utilities/pretext-enhanced-source.xsl
INFO    : Generating any needed assets.
INFO    : XSL conversion of /workspaces/M2forall/source/main.ptx by /home/codespace/.ptx/2.17.0/core/xsl/utilities/pretext-enhanced-source.xsl
INFO    : messages from the log for XSL processing:
WARNING : * PTX:WARNING:   the requested HTML index page cannot be constructed since "g4msto" is not an @xml:id anywhere in the document.  Defaults will be used instead
INFO    : successful application of /home/codespace/.ptx/2.17.0/core/xsl/utilities/pretext-enhanced-source.xsl
INFO    : XSL conversion of /workspaces/M2forall/source/main.ptx by /home/codespace/.ptx/2.17.0/core/xsl/utilities/pretext-enhanced-source.xsl
INFO    : messages from the log for XSL processing:
WARNING : * PTX:WARNING:   the requested HTML index page cannot be constructed since "g4msto" is not an @xml:id anywhere in the document.  Defaults will be used instead
INFO    : successful application of /home/codespace/.ptx/2.17.0/core/xsl/utilities/pretext-enhanced-source.xsl
INFO    : XSL conversion of /workspaces/M2forall/source/main.ptx by /home/codespace/.ptx/2.17.0/core/xsl/utilities/pretext-enhanced-source.xsl
INFO    : messages from the log for XSL processing:
WARNING : * PTX:WARNING:   the requested HTML index page cannot be constructed since "g4msto" is not an @xml:id anywhere in the document.  Defaults will be used instead
INFO    : successful application of /home/codespace/.ptx/2.17.0/core/xsl/utilities/pretext-enhanced-source.xsl
INFO    : XSL conversion of /workspaces/M2forall/source/main.ptx by /home/codespace/.ptx/2.17.0/core/xsl/utilities/pretext-enhanced-source.xsl
INFO    : messages from the log for XSL processing:
WARNING : * PTX:WARNING:   the requested HTML index page cannot be constructed since "g4msto" is not an @xml:id anywhere in the document.  Defaults will be used instead
INFO    : successful application of /home/codespace/.ptx/2.17.0/core/xsl/utilities/pretext-enhanced-source.xsl
INFO    : XSL conversion of /workspaces/M2forall/source/main.ptx by /home/codespace/.ptx/2.17.0/core/xsl/utilities/pretext-enhanced-source.xsl
INFO    : messages from the log for XSL processing:
WARNING : * PTX:WARNING:   the requested HTML index page cannot be constructed since "g4msto" is not an @xml:id anywhere in the document.  Defaults will be used instead
INFO    : successful application of /home/codespace/.ptx/2.17.0/core/xsl/utilities/pretext-enhanced-source.xsl
INFO    : XSL conversion of /workspaces/M2forall/source/main.ptx by /home/codespace/.ptx/2.17.0/core/xsl/utilities/pretext-enhanced-source.xsl
INFO    : messages from the log for XSL processing:
WARNING : * PTX:WARNING:   the requested HTML index page cannot be constructed since "g4msto" is not an @xml:id anywhere in the document.  Defaults will be used instead
INFO    : successful application of /home/codespace/.ptx/2.17.0/core/xsl/utilities/pretext-enhanced-source.xsl
INFO    : XSL conversion of /workspaces/M2forall/source/main.ptx by /home/codespace/.ptx/2.17.0/core/xsl/utilities/pretext-enhanced-source.xsl
INFO    : messages from the log for XSL processing:
WARNING : * PTX:WARNING:   the requested HTML index page cannot be constructed since "g4msto" is not an @xml:id anywhere in the document.  Defaults will be used instead
INFO    : successful application of /home/codespace/.ptx/2.17.0/core/xsl/utilities/pretext-enhanced-source.xsl
INFO    : XSL conversion of /workspaces/M2forall/source/main.ptx by /home/codespace/.ptx/2.17.0/core/xsl/utilities/pretext-enhanced-source.xsl
INFO    : messages from the log for XSL processing:
WARNING : * PTX:WARNING:   the requested HTML index page cannot be constructed since "g4msto" is not an @xml:id anywhere in the document.  Defaults will be used instead
INFO    : successful application of /home/codespace/.ptx/2.17.0/core/xsl/utilities/pretext-enhanced-source.xsl
INFO    : XSL conversion of /workspaces/M2forall/source/main.ptx by /home/codespace/.ptx/2.17.0/core/xsl/utilities/pretext-enhanced-source.xsl
INFO    : messages from the log for XSL processing:
WARNING : * PTX:WARNING:   the requested HTML index page cannot be constructed since "g4msto" is not an @xml:id anywhere in the document.  Defaults will be used instead
INFO    : successful application of /home/codespace/.ptx/2.17.0/core/xsl/utilities/pretext-enhanced-source.xsl
INFO    : XSL conversion of /workspaces/M2forall/source/main.ptx by /home/codespace/.ptx/2.17.0/core/xsl/utilities/pretext-enhanced-source.xsl
INFO    : messages from the log for XSL processing:
WARNING : * PTX:WARNING:   the requested HTML index page cannot be constructed since "g4msto" is not an @xml:id anywhere in the document.  Defaults will be used instead
INFO    : successful application of /home/codespace/.ptx/2.17.0/core/xsl/utilities/pretext-enhanced-source.xsl
INFO    : XSL conversion of /workspaces/M2forall/source/main.ptx by /home/codespace/.ptx/2.17.0/core/xsl/utilities/pretext-enhanced-source.xsl
INFO    : messages from the log for XSL processing:
WARNING : * PTX:WARNING:   the requested HTML index page cannot be constructed since "g4msto" is not an @xml:id anywhere in the document.  Defaults will be used instead
INFO    : successful application of /home/codespace/.ptx/2.17.0/core/xsl/utilities/pretext-enhanced-source.xsl
INFO    : XSL conversion of /workspaces/M2forall/source/main.ptx by /home/codespace/.ptx/2.17.0/core/xsl/utilities/pretext-enhanced-source.xsl
INFO    : messages from the log for XSL processing:
WARNING : * PTX:WARNING:   the requested HTML index page cannot be constructed since "g4msto" is not an @xml:id anywhere in the document.  Defaults will be used instead
INFO    : successful application of /home/codespace/.ptx/2.17.0/core/xsl/utilities/pretext-enhanced-source.xsl
INFO    : XSL conversion of /workspaces/M2forall/source/main.ptx by /home/codespace/.ptx/2.17.0/core/xsl/utilities/pretext-enhanced-source.xsl
INFO    : messages from the log for XSL processing:
WARNING : * PTX:WARNING:   the requested HTML index page cannot be constructed since "g4msto" is not an @xml:id anywhere in the document.  Defaults will be used instead
INFO    : successful application of /home/codespace/.ptx/2.17.0/core/xsl/utilities/pretext-enhanced-source.xsl
INFO    : XSL conversion of /workspaces/M2forall/source/main.ptx by /home/codespace/.ptx/2.17.0/core/xsl/utilities/pretext-enhanced-source.xsl
INFO    : messages from the log for XSL processing:
WARNING : * PTX:WARNING:   the requested HTML index page cannot be constructed since "g4msto" is not an @xml:id anywhere in the document.  Defaults will be used instead
INFO    : successful application of /home/codespace/.ptx/2.17.0/core/xsl/utilities/pretext-enhanced-source.xsl
INFO    : Finished generating assets.

INFO    : Preparing to build into /workspaces/M2forall/output/web.
INFO    : discovering source file's directory name: /workspaces/M2forall/source
INFO    : verifying and expanding input directory: /workspaces/M2forall/source/../generated-assets
INFO    : input directory expanded to absolute path: /workspaces/M2forall/generated-assets
INFO    : verifying and expanding input directory: /workspaces/M2forall/source/../assets
INFO    : input directory expanded to absolute path: /workspaces/M2forall/assets
INFO    : XSL conversion of /workspaces/M2forall/source/main.ptx by /home/codespace/.ptx/2.17.0/core/xsl/utilities/report-publisher-variables.xsl
INFO    : messages from the log for XSL processing:
WARNING : * PTX:WARNING:   the requested HTML index page cannot be constructed since "g4msto" is not an @xml:id anywhere in the document.  Defaults will be used instead
INFO    : successful application of /home/codespace/.ptx/2.17.0/core/xsl/utilities/report-publisher-variables.xsl
INFO    : Downloading rs services file from https://runestone.academy/cdn/runestone/latest/webpack_static_imports.xml.
INFO    : Runestone Services via online CDN query: version 8.2.5
INFO    : Downloading Runestone Services, version 8.2.5
INFO    : Extracting Runestone Services from archive file
INFO    : Building custom css theme: theme-denver
INFO    : converting /workspaces/M2forall/source/main.ptx to HTML in /tmp/ptx-p8klrisp
INFO    : XSL conversion of /workspaces/M2forall/source/main.ptx by /home/codespace/.ptx/2.17.0/core/xsl/pretext-html.xsl
INFO    : messages from the log for XSL processing:
WARNING : * PTX:WARNING:   the requested HTML index page cannot be constructed since "g4msto" is not an @xml:id anywhere in the document.  Defaults will be used instead
INFO    : * PTX:INFO:   checking ONLY the last TWO YEARS of element deprecations.
Rerun with the string parameter "author.deprecations.all" set to "yes" to check your source against all deprecations.
INFO    : successful application of /home/codespace/.ptx/2.17.0/core/xsl/pretext-html.xsl
INFO    : Removing temporary directory /tmp/ptx-p8klrisp
INFO    : Removing temporary directory /tmp/ptx-w5vpf_an
INFO    : 
Success! Run `pretext view web` to see the results.

INFO    : 
